<!DOCTYPE HTML PUBLIC "-//W3C//DTD HTML 4.01//EN">
<html lang="en">
<head>

<style type="text/css">
    body {
        font-family: Nokia Standard Multiscript, Tahoma, Verdana, Arial;
        font-size: 0.8em;
        color: #0055B7;
    }

    h1 {
        padding: 30px 0 0 0;
        margin: 0;
        text-align: left;
    }

    #date {
        text-align: center;
    }

    hr {
        height: 1px;
        background-color: cccccc;
        color: #cccccc;
    }

    h2 h3 {
        padding: 10px 0 10px 0;
        margin: 0;
    }

    table.report {
        width: 100%;
        border: 1px solid #e0dfe3;
        border-collapse: collapse;
        color: #333333;
    }

    table.report th {
        text-align: left;
        padding: 5px;
        background-color: #f9fafd;
        color: #595a5f;
        border-bottom: 1px #999999 solid;
    }

    table.report th.featureName {
        background-color: #f2f2f3;
        font: #595a5f Tahoma, Verdana, Arial bold;
        font-size: 1.1em;
        border-top: 3px #9d9da1;
        border-top-style: double;
        border-bottom: 3px #9d9da1;
        border-bottom-style: double;
    }

    table.report th.header {
        background-color: #f9fafd;
        font: #595a5f Tahoma, Verdana, Arial bold;
        font-size: 0.8em;
        border-top: 1px #9d9da1;
        border-bottom: 1px #9d9da1;
    }

    table.report td {
        word-wrap: break-word;
        border: 1px #EBEBEB;
        padding: 5px;
        border-style: solid; 
        vertical-align: top;
        font: Tahoma, Verdana, Arial;
        _font-size: 0.8em;
    }

    table.summary {
        border: 1px solid #e0dfe3;
        border-collapse: collapse;
        color: #333333;
    }

    table.summary th {
        text-align: left;
        padding: 5px;
        background-color: #f9fafd;
        color: #595a5f;
        border-bottom: 1px #999999 solid;
    }

    table.summary th.featureName {
        background-color: #f2f2f3;
        font: #595a5f Tahoma, Verdana, Arial bold;
        font-size: 1.1em;
        border-top: 3px #9d9da1;
        border-top-style: double;
        border-bottom: 3px #9d9da1;
        border-bottom-style: double;
    }

    table.summary td {
        word-wrap: break-word;
        border: 1px #EBEBEB;
        padding: 5px;
        border-style: solid; 
        vertical-align: top;
        font: Tahoma, Verdana, Arial;
        _font-size: 0.8em;
    }

    .currentValue {
        background-color: #e8f2fe;
    }

.fltrow{ /* filter grid row appearance */
    height:20px;
    background-color:#f4f4f4;
}
.btnflt{ /* button appearance */
    font-size:11px;
    margin:0 2px 0 2px; padding:0 1px 0 1px;
    text-decoration:none; color: #fff;
    background-color:#666;
}
.flt{ /* filter (input) appearance */
    background-color:#f4f4f4; border:1px inset #ccc; 
    margin:0; width:100%;
}
.flt_s{ /* small filter (input) appearance */
    background-color:#f4f4f4; border:1px inset #ccc; 
    margin:0; width:80%;
}

</style>
<script language="javascript" type="text/javascript" src="http://www.javascriptkit.com/script/script2/tablefilter.js"></script>
<title>API info - ConE</title>

</head>
<body>
<div id="content">
    <h1>Configuration API info</h1><br>

    <table class="report" id="report_data">
    <tr>
        <th class="featureName">File</th>
        
        <th class="featureName">Full reference</th>
        
        <th class="featureName">Type</th>
        
        <th class="featureName">Name</th>
        
        <th class="featureName">Description</th>
        
    </tr>
    
    
    
    
    <tr>
        <td><a href="file://this-line-is-ignored/Layer1/confml/basic_setting_types_test.confml">this-line-is-ignored/Layer1/confml/basic_setting_types_test.confml</a></td>
        
        <td>BasicSettingTypesTest.BooleanSetting</td>
        
        <td>boolean</td>
        
        <td>Boolean setting</td>
        
        <td>A boolean setting</td>
        
    </tr>
    
    
    
    <tr>
        <td><a href="file://this-line-is-ignored/Layer1/confml/basic_setting_types_test.confml">this-line-is-ignored/Layer1/confml/basic_setting_types_test.confml</a></td>
        
        <td>BasicSettingTypesTest.IntSetting</td>
        
        <td>int</td>
        
        <td>Int setting</td>
        
        <td>An int setting</td>
        
    </tr>
    
    
    
    <tr>
        <td><a href="file://this-line-is-ignored/Layer1/confml/basic_setting_types_test.confml">this-line-is-ignored/Layer1/confml/basic_setting_types_test.confml</a></td>
        
        <td>BasicSettingTypesTest.RealSetting</td>
        
        <td>real</td>
        
        <td>Real setting</td>
        
        <td>A real setting</td>
        
    </tr>
    
    
    
    <tr>
        <td><a href="file://this-line-is-ignored/Layer1/confml/basic_setting_types_test.confml">this-line-is-ignored/Layer1/confml/basic_setting_types_test.confml</a></td>
        
        <td>BasicSettingTypesTest.SelectionSetting</td>
        
        <td>selection</td>
        
        <td>Selection setting</td>
        
        <td>A selection setting</td>
        
    </tr>
    
    
    
    <tr>
        <td><a href="file://this-line-is-ignored/Layer1/confml/basic_setting_types_test.confml">this-line-is-ignored/Layer1/confml/basic_setting_types_test.confml</a></td>
        
        <td>BasicSettingTypesTest.StringSetting</td>
        
        <td>string</td>
        
        <td>String setting</td>
        
        <td>A string setting</td>
        
    </tr>
    
    
    
    
    
    <tr>
        <td><a href="file://this-line-is-ignored/Layer1/confml/bitmask_test.confml">this-line-is-ignored/Layer1/confml/bitmask_test.confml</a></td>
        
        <td>BitmaskTest.Bit0</td>
        
        <td>boolean</td>
        
        <td>Bit 0</td>
        
        <td>A boolean setting for bit 0</td>
        
    </tr>
    
    
    
    <tr>
        <td><a href="file://this-line-is-ignored/Layer1/confml/bitmask_test.confml">this-line-is-ignored/Layer1/confml/bitmask_test.confml</a></td>
        
        <td>BitmaskTest.Bit1</td>
        
        <td>boolean</td>
        
        <td>Bit 1</td>
        
        <td>A boolean setting for bit 1</td>
        
    </tr>
    
    
    
    <tr>
        <td><a href="file://this-line-is-ignored/Layer1/confml/bitmask_test.confml">this-line-is-ignored/Layer1/confml/bitmask_test.confml</a></td>
        
        <td>BitmaskTest.Bit2</td>
        
        <td>boolean</td>
        
        <td>Bit 2</td>
        
        <td>A boolean setting for bit 2</td>
        
    </tr>
    
    
    
    <tr>
        <td><a href="file://this-line-is-ignored/Layer1/confml/bitmask_test.confml">this-line-is-ignored/Layer1/confml/bitmask_test.confml</a></td>
        
        <td>BitmaskTest.Bit3</td>
        
        <td>boolean</td>
        
        <td>Bit 3</td>
        
        <td>A boolean setting for bit 3</td>
        
    </tr>
    
    
    
    <tr>
        <td><a href="file://this-line-is-ignored/Layer1/confml/bitmask_test.confml">this-line-is-ignored/Layer1/confml/bitmask_test.confml</a></td>
        
        <td>BitmaskTest.Bit4</td>
        
        <td>boolean</td>
        
        <td>Bit 4</td>
        
        <td>A boolean setting for bit 4</td>
        
    </tr>
    
    
    
    <tr>
        <td><a href="file://this-line-is-ignored/Layer1/confml/bitmask_test.confml">this-line-is-ignored/Layer1/confml/bitmask_test.confml</a></td>
        
        <td>BitmaskTest.Bit5</td>
        
        <td>boolean</td>
        
        <td>Bit 5</td>
        
        <td>A boolean setting for bit 5</td>
        
    </tr>
    
    
    
    
    
    <tr>
        <td><a href="file://this-line-is-ignored/Layer1/confml/feature1.confml">this-line-is-ignored/Layer1/confml/feature1.confml</a></td>
        
        <td>Feature1.BooleanSetting</td>
        
        <td>boolean</td>
        
        <td>Boolean setting</td>
        
        <td>A boolean setting</td>
        
    </tr>
    
    
    
    <tr>
        <td><a href="file://this-line-is-ignored/Layer1/confml/feature1.confml">this-line-is-ignored/Layer1/confml/feature1.confml</a></td>
        
        <td>Feature1.IntSetting</td>
        
        <td>int</td>
        
        <td>Int setting</td>
        
        <td>An int setting</td>
        
    </tr>
    
    
    
    <tr>
        <td><a href="file://this-line-is-ignored/Layer1/confml/feature1.confml">this-line-is-ignored/Layer1/confml/feature1.confml</a></td>
        
        <td>Feature1.RealSetting</td>
        
        <td>real</td>
        
        <td>Real setting</td>
        
        <td>A real setting</td>
        
    </tr>
    
    
    
    <tr>
        <td><a href="file://this-line-is-ignored/Layer1/confml/feature1.confml">this-line-is-ignored/Layer1/confml/feature1.confml</a></td>
        
        <td>Feature1.SelectionSetting</td>
        
        <td>selection</td>
        
        <td>Selection setting</td>
        
        <td>A selection setting</td>
        
    </tr>
    
    
    
    <tr>
        <td><a href="file://this-line-is-ignored/Layer1/confml/feature1.confml">this-line-is-ignored/Layer1/confml/feature1.confml</a></td>
        
        <td>Feature1.SequenceSetting</td>
        
        <td>sequence</td>
        
        <td>Sequence setting</td>
        
        <td>A sequence setting</td>
        
    </tr>
    
    
    
    <tr>
        <td><a href="file://this-line-is-ignored/Layer1/confml/feature1.confml">this-line-is-ignored/Layer1/confml/feature1.confml</a></td>
        
        <td>Feature1.SequenceSetting.BooleanSubSetting</td>
        
        <td>boolean</td>
        
        <td>Boolean sub-setting</td>
        
        <td>A boolean sub-setting</td>
        
    </tr>
    
    
    
    <tr>
        <td><a href="file://this-line-is-ignored/Layer1/confml/feature1.confml">this-line-is-ignored/Layer1/confml/feature1.confml</a></td>
        
        <td>Feature1.SequenceSetting.IntSubSetting</td>
        
        <td>int</td>
        
        <td>Int sub-setting</td>
        
        <td>An int sub-setting</td>
        
    </tr>
    
    
    
    <tr>
        <td><a href="file://this-line-is-ignored/Layer1/confml/feature1.confml">this-line-is-ignored/Layer1/confml/feature1.confml</a></td>
        
        <td>Feature1.SequenceSetting.RealSubSetting</td>
        
        <td>real</td>
        
        <td>Real sub-setting</td>
        
        <td>A real sub-setting</td>
        
    </tr>
    
    
    
    <tr>
        <td><a href="file://this-line-is-ignored/Layer1/confml/feature1.confml">this-line-is-ignored/Layer1/confml/feature1.confml</a></td>
        
        <td>Feature1.SequenceSetting.SelectionSubSetting</td>
        
        <td>selection</td>
        
        <td>Selection sub-setting</td>
        
        <td>A selection sub-setting</td>
        
    </tr>
    
    
    
    <tr>
        <td><a href="file://this-line-is-ignored/Layer1/confml/feature1.confml">this-line-is-ignored/Layer1/confml/feature1.confml</a></td>
        
        <td>Feature1.SequenceSetting.StringSubSetting</td>
        
        <td>string</td>
        
        <td>String sub-setting</td>
        
        <td>A string sub-setting</td>
        
    </tr>
    
    
    
    <tr>
        <td><a href="file://this-line-is-ignored/Layer1/confml/feature1.confml">this-line-is-ignored/Layer1/confml/feature1.confml</a></td>
        
        <td>Feature1.StringSetting</td>
        
        <td>string</td>
        
        <td>String setting</td>
        
        <td>A string setting</td>
        
    </tr>
    
    
    
    
    
    <tr>
        <td><a href="file://this-line-is-ignored/Layer1/confml/feature2.confml">this-line-is-ignored/Layer1/confml/feature2.confml</a></td>
        
        <td>Feature2.SequenceSetting</td>
        
        <td>sequence</td>
        
        <td>Sequence setting</td>
        
        <td>A simple sequence setting</td>
        
    </tr>
    
    
    
    <tr>
        <td><a href="file://this-line-is-ignored/Layer1/confml/feature2.confml">this-line-is-ignored/Layer1/confml/feature2.confml</a></td>
        
        <td>Feature2.SequenceSetting.IntSubSetting</td>
        
        <td>int</td>
        
        <td>Int sub-setting</td>
        
        <td>An int sub-setting</td>
        
    </tr>
    
    
    
    <tr>
        <td><a href="file://this-line-is-ignored/Layer1/confml/feature2.confml">this-line-is-ignored/Layer1/confml/feature2.confml</a></td>
        
        <td>Feature2.SequenceSetting.StringSubSetting</td>
        
        <td>string</td>
        
        <td>String sub-setting</td>
        
        <td>A string sub-setting</td>
        
    </tr>
    
    
    
    
    
    <tr>
        <td><a href="file://this-line-is-ignored/Layer1/confml/file_folder_test.confml">this-line-is-ignored/Layer1/confml/file_folder_test.confml</a></td>
        
        <td>FileFolderTest.FileSetting</td>
        
        <td>file</td>
        
        <td>File setting</td>
        
        <td>A file setting</td>
        
    </tr>
    
    
    
    <tr>
        <td><a href="file://this-line-is-ignored/Layer1/confml/file_folder_test.confml">this-line-is-ignored/Layer1/confml/file_folder_test.confml</a></td>
        
        <td>FileFolderTest.FileSetting.localPath</td>
        
        <td>string</td>
        
        <td>localPath</td>
        
        <td></td>
        
    </tr>
    
    
    
    <tr>
        <td><a href="file://this-line-is-ignored/Layer1/confml/file_folder_test.confml">this-line-is-ignored/Layer1/confml/file_folder_test.confml</a></td>
        
        <td>FileFolderTest.FileSetting.targetPath</td>
        
        <td>string</td>
        
        <td>targetPath</td>
        
        <td></td>
        
    </tr>
    
    
    
    <tr>
        <td><a href="file://this-line-is-ignored/Layer1/confml/file_folder_test.confml">this-line-is-ignored/Layer1/confml/file_folder_test.confml</a></td>
        
        <td>FileFolderTest.FolderSetting</td>
        
        <td>folder</td>
        
        <td>Folder setting</td>
        
        <td>A folder setting</td>
        
    </tr>
    
    
    
    <tr>
        <td><a href="file://this-line-is-ignored/Layer1/confml/file_folder_test.confml">this-line-is-ignored/Layer1/confml/file_folder_test.confml</a></td>
        
        <td>FileFolderTest.FolderSetting.localPath</td>
        
        <td>string</td>
        
        <td>localPath</td>
        
        <td></td>
        
    </tr>
    
    
    
    <tr>
        <td><a href="file://this-line-is-ignored/Layer1/confml/file_folder_test.confml">this-line-is-ignored/Layer1/confml/file_folder_test.confml</a></td>
        
        <td>FileFolderTest.FolderSetting.targetPath</td>
        
        <td>string</td>
        
        <td>targetPath</td>
        
        <td></td>
        
    </tr>
    
    
    
    
    
    <tr>
        <td><a href="file://this-line-is-ignored/Layer1/confml/sequence_setting_test.confml">this-line-is-ignored/Layer1/confml/sequence_setting_test.confml</a></td>
        
        <td>SequenceSettingTest.SequenceSetting</td>
        
        <td>sequence</td>
        
        <td>Sequence setting</td>
        
        <td>A sequence setting</td>
        
    </tr>
    
    
    
    <tr>
        <td><a href="file://this-line-is-ignored/Layer1/confml/sequence_setting_test.confml">this-line-is-ignored/Layer1/confml/sequence_setting_test.confml</a></td>
        
        <td>SequenceSettingTest.SequenceSetting.BooleanSubSetting</td>
        
        <td>boolean</td>
        
        <td>Boolean sub-setting</td>
        
        <td>A boolean sub-setting</td>
        
    </tr>
    
    
    
    <tr>
        <td><a href="file://this-line-is-ignored/Layer1/confml/sequence_setting_test.confml">this-line-is-ignored/Layer1/confml/sequence_setting_test.confml</a></td>
        
        <td>SequenceSettingTest.SequenceSetting.FileSubSetting</td>
        
        <td>file</td>
        
        <td>File sub-setting</td>
        
        <td>A file sub-setting</td>
        
    </tr>
    
    
    
    <tr>
        <td><a href="file://this-line-is-ignored/Layer1/confml/sequence_setting_test.confml">this-line-is-ignored/Layer1/confml/sequence_setting_test.confml</a></td>
        
        <td>SequenceSettingTest.SequenceSetting.FileSubSetting.localPath</td>
        
        <td>string</td>
        
        <td>localPath</td>
        
        <td></td>
        
    </tr>
    
    
    
    <tr>
        <td><a href="file://this-line-is-ignored/Layer1/confml/sequence_setting_test.confml">this-line-is-ignored/Layer1/confml/sequence_setting_test.confml</a></td>
        
        <td>SequenceSettingTest.SequenceSetting.FileSubSetting.targetPath</td>
        
        <td>string</td>
        
        <td>targetPath</td>
        
        <td></td>
        
    </tr>
    
    
    
    <tr>
        <td><a href="file://this-line-is-ignored/Layer1/confml/sequence_setting_test.confml">this-line-is-ignored/Layer1/confml/sequence_setting_test.confml</a></td>
        
        <td>SequenceSettingTest.SequenceSetting.FolderSubSetting</td>
        
        <td>folder</td>
        
        <td>Folder sub-setting</td>
        
        <td>A folder sub-setting</td>
        
    </tr>
    
    
    
    <tr>
        <td><a href="file://this-line-is-ignored/Layer1/confml/sequence_setting_test.confml">this-line-is-ignored/Layer1/confml/sequence_setting_test.confml</a></td>
        
        <td>SequenceSettingTest.SequenceSetting.FolderSubSetting.localPath</td>
        
        <td>string</td>
        
        <td>localPath</td>
        
        <td></td>
        
    </tr>
    
    
    
    <tr>
        <td><a href="file://this-line-is-ignored/Layer1/confml/sequence_setting_test.confml">this-line-is-ignored/Layer1/confml/sequence_setting_test.confml</a></td>
        
        <td>SequenceSettingTest.SequenceSetting.FolderSubSetting.targetPath</td>
        
        <td>string</td>
        
        <td>targetPath</td>
        
        <td></td>
        
    </tr>
    
    
    
    <tr>
        <td><a href="file://this-line-is-ignored/Layer1/confml/sequence_setting_test.confml">this-line-is-ignored/Layer1/confml/sequence_setting_test.confml</a></td>
        
        <td>SequenceSettingTest.SequenceSetting.IntSubSetting</td>
        
        <td>int</td>
        
        <td>Int sub-setting</td>
        
        <td>An int sub-setting</td>
        
    </tr>
    
    
    
    <tr>
        <td><a href="file://this-line-is-ignored/Layer1/confml/sequence_setting_test.confml">this-line-is-ignored/Layer1/confml/sequence_setting_test.confml</a></td>
        
        <td>SequenceSettingTest.SequenceSetting.RealSubSetting</td>
        
        <td>real</td>
        
        <td>Real sub-setting</td>
        
        <td>A real sub-setting</td>
        
    </tr>
    
    
    
    <tr>
        <td><a href="file://this-line-is-ignored/Layer1/confml/sequence_setting_test.confml">this-line-is-ignored/Layer1/confml/sequence_setting_test.confml</a></td>
        
        <td>SequenceSettingTest.SequenceSetting.SelectionSubSetting</td>
        
        <td>selection</td>
        
        <td>Selection sub-setting</td>
        
        <td>A selection sub-setting</td>
        
    </tr>
    
    
    
    <tr>
        <td><a href="file://this-line-is-ignored/Layer1/confml/sequence_setting_test.confml">this-line-is-ignored/Layer1/confml/sequence_setting_test.confml</a></td>
        
        <td>SequenceSettingTest.SequenceSetting.StringSubSetting</td>
        
        <td>string</td>
        
        <td>String sub-setting</td>
        
        <td>A string sub-setting</td>
        
    </tr>
    
    
    
    
    
    <tr>
        <td><a href="file://this_is_ignored">this_is_ignored</a></td>
        
        <td>TimeTypesTest.DateSetting</td>
        
        <td>date</td>
        
        <td>Date setting</td>
        
        <td>A date setting</td>
        
    </tr>
    
    
    
    <tr>
        <td><a href="file://this_is_ignored">this_is_ignored</a></td>
        
        <td>TimeTypesTest.DateTimeSetting</td>
        
        <td>dateTime</td>
        
        <td>Date-time setting</td>
        
        <td>A date-time setting</td>
        
    </tr>
    
    
    
    <tr>
        <td><a href="file://this_is_ignored">this_is_ignored</a></td>
        
        <td>TimeTypesTest.DurationSetting</td>
        
        <td>duration</td>
        
        <td>Duration setting</td>
        
        <td>A duration setting</td>
        
    </tr>
    
    
    
    <tr>
        <td><a href="file://this_is_ignored">this_is_ignored</a></td>
        
        <td>TimeTypesTest.TimeSetting</td>
        
        <td>time</td>
        
        <td>Time setting</td>
        
        <td>A time setting</td>
        
    </tr>
    
    
    
    </table>

<script language="javascript" type="text/javascript">
//<![CDATA[
    setFilterGrid("report_data");
//]]>
</script>
</div>
<div id="footer"></div>
</body>
</html>