<!DOCTYPE HTML PUBLIC "-//W3C//DTD HTML 4.01//EN">
<html lang="en">
<head>

<style type="text/css">
    body {
        font-family: Nokia Standard Multiscript, Tahoma, Verdana, Arial;
        font-size: 0.8em;
        color: #0055B7;
    }

    h1 {
        padding: 30px 0 0 0;
        margin: 0;
        text-align: left;
    }

    #date {
        text-align: center;
    }

    hr {
        height: 1px;
        background-color: cccccc;
        color: #cccccc;
    }

    h2 h3 {
        padding: 10px 0 10px 0;
        margin: 0;
    }

    table.report {
        width: 100%;
        border: 1px solid #e0dfe3;
        border-collapse: collapse;
        color: #333333;
    }

    table.report th {
        text-align: left;
        padding: 5px;
        background-color: #f9fafd;
        color: #595a5f;
        border-bottom: 1px #999999 solid;
    }

    table.report th.featureName {
        background-color: #f2f2f3;
        font: #595a5f Tahoma, Verdana, Arial bold;
        font-size: 1.1em;
        border-top: 3px #9d9da1;
        border-top-style: double;
        border-bottom: 3px #9d9da1;
        border-bottom-style: double;
    }

    table.report th.header {
        background-color: #f9fafd;
        font: #595a5f Tahoma, Verdana, Arial bold;
        font-size: 0.8em;
        border-top: 1px #9d9da1;
        border-bottom: 1px #9d9da1;
    }

    table.report td {
        word-wrap: break-word;
        border: 1px #EBEBEB;
        padding: 5px;
        border-style: solid; 
        vertical-align: top;
        font: Tahoma, Verdana, Arial;
        _font-size: 0.8em;
    }

    table.summary {
        border: 1px solid #e0dfe3;
        border-collapse: collapse;
        color: #333333;
    }

    table.summary th {
        text-align: left;
        padding: 5px;
        background-color: #f9fafd;
        color: #595a5f;
        border-bottom: 1px #999999 solid;
    }

    table.summary th.featureName {
        background-color: #f2f2f3;
        font: #595a5f Tahoma, Verdana, Arial bold;
        font-size: 1.1em;
        border-top: 3px #9d9da1;
        border-top-style: double;
        border-bottom: 3px #9d9da1;
        border-bottom-style: double;
    }

    table.summary td {
        word-wrap: break-word;
        border: 1px #EBEBEB;
        padding: 5px;
        border-style: solid; 
        vertical-align: top;
        font: Tahoma, Verdana, Arial;
        _font-size: 0.8em;
    }

    .currentValue {
        background-color: #e8f2fe;
    }

.fltrow{ /* filter grid row appearance */
    height:20px;
    background-color:#f4f4f4;
}
.btnflt{ /* button appearance */
    font-size:11px;
    margin:0 2px 0 2px; padding:0 1px 0 1px;
    text-decoration:none; color: #fff;
    background-color:#666;
}
.flt{ /* filter (input) appearance */
    background-color:#f4f4f4; border:1px inset #ccc; 
    margin:0; width:100%;
}
.flt_s{ /* small filter (input) appearance */
    background-color:#f4f4f4; border:1px inset #ccc; 
    margin:0; width:80%;
}

</style>
<script language="javascript" type="text/javascript" src="http://www.javascriptkit.com/script/script2/tablefilter.js"></script>
<title>CTR configuration info - ConE</title>

</head>
<body>
<div id="content">
    <h1>CTR configuration info</h1><br>

    <table class="report" id="report_data">
    <tr><th>Based_on_CTR</th><th>Configuration_name</th><th>Product Profile Info</th><th>Language</th><th>Country</th><th>UDA ID</th>
    </tr>
    
    <tr>
    <td>1234567</td>
    <td>RM-XXX 01 RegionA</td>
    <td>euro</td>
    <td>langpack_01</td>
    <td>custvariant_00_common</td>
    <td>uda_U01</td>
    </tr>
    
    <tr>
    <td>7654321</td>
    <td>RM-XXX 01 RegionA</td>
    <td>euro</td>
    <td>langpack_01</td>
    <td>custvariant_00_common</td>
    <td>uda_U01</td>
    </tr>
    
    <tr>
    <td>3456789</td>
    <td>RM-XXX 01 RegionA</td>
    <td>euro</td>
    <td>langpack_01</td>
    <td>custvariant_00_common</td>
    <td>uda_U01</td>
    </tr>
    
    <tr>
    <td>9876543</td>
    <td>RM-XXX 01 RegionA</td>
    <td>euro</td>
    <td>langpack_01</td>
    <td>custvariant_00_common</td>
    <td>uda_U01</td>
    </tr>
    
    <tr>
    <td>1111111</td>
    <td>RM-YYY 02 RegionB</td>
    <td>euro_als</td>
    <td>langpack_02</td>
    <td>custvariant_01_common</td>
    <td>uda_U02</td>
    </tr>
    
    <tr>
    <td>2222222</td>
    <td>RM-YYY 02 RegionB</td>
    <td>euro_als</td>
    <td>langpack_02</td>
    <td>custvariant_01_common</td>
    <td>uda_U02</td>
    </tr>
    
    <tr>
    <td>3333333</td>
    <td>RM-YYY 02 RegionB</td>
    <td>euro_als</td>
    <td>langpack_02</td>
    <td>custvariant_01_common</td>
    <td>uda_U02</td>
    </tr>
    
    <tr>
    <td>4444444</td>
    <td>RM-YYY 02 RegionB</td>
    <td>euro_als</td>
    <td>langpack_02</td>
    <td>custvariant_01_common</td>
    <td>uda_U02</td>
    </tr>
    
    <tr>
    <td>5555555</td>
    <td>RM-YYY 02 RegionB</td>
    <td>euro_als</td>
    <td>langpack_02</td>
    <td>custvariant_01_common</td>
    <td>uda_U02</td>
    </tr>
    
    </table>
    <script language="javascript" type="text/javascript">
//<![CDATA[
    setFilterGrid("report_data");
//]]>
</script>
</div>
<div id="footer"></div>
</body>
</html>