<!DOCTYPE HTML PUBLIC "-//W3C//DTD HTML 4.01//EN">
<html lang="en">
<head>

<style type="text/css">
    body {
        font-family: Nokia Standard Multiscript, Tahoma, Verdana, Arial;
        font-size: 0.8em;
        color: #0055B7;
    }

    h1 {
        padding: 30px 0 0 0;
        margin: 0;
        text-align: left;
    }

    #date {
        text-align: center;
    }

    hr {
        height: 1px;
        background-color: cccccc;
        color: #cccccc;
    }

    h2 h3 {
        padding: 10px 0 10px 0;
        margin: 0;
    }

    table.report {
        width: 100%;
        border: 1px solid #e0dfe3;
        border-collapse: collapse;
        color: #333333;
    }

    table.report th {
        text-align: left;
        padding: 5px;
        background-color: #f9fafd;
        color: #595a5f;
        border-bottom: 1px #999999 solid;
    }

    table.report th.featureName {
        background-color: #f2f2f3;
        font: #595a5f Tahoma, Verdana, Arial bold;
        font-size: 1.1em;
        border-top: 3px #9d9da1;
        border-top-style: double;
        border-bottom: 3px #9d9da1;
        border-bottom-style: double;
    }

    table.report th.header {
        background-color: #f9fafd;
        font: #595a5f Tahoma, Verdana, Arial bold;
        font-size: 0.8em;
        border-top: 1px #9d9da1;
        border-bottom: 1px #9d9da1;
    }

    table.report td {
        word-wrap: break-word;
        border: 1px #EBEBEB;
        padding: 5px;
        border-style: solid; 
        vertical-align: top;
        font: Tahoma, Verdana, Arial;
        _font-size: 0.8em;
    }

    table.summary {
        border: 1px solid #e0dfe3;
        border-collapse: collapse;
        color: #333333;
    }

    table.summary th {
        text-align: left;
        padding: 5px;
        background-color: #f9fafd;
        color: #595a5f;
        border-bottom: 1px #999999 solid;
    }

    table.summary th.featureName {
        background-color: #f2f2f3;
        font: #595a5f Tahoma, Verdana, Arial bold;
        font-size: 1.1em;
        border-top: 3px #9d9da1;
        border-top-style: double;
        border-bottom: 3px #9d9da1;
        border-bottom-style: double;
    }

    table.summary td {
        word-wrap: break-word;
        border: 1px #EBEBEB;
        padding: 5px;
        border-style: solid; 
        vertical-align: top;
        font: Tahoma, Verdana, Arial;
        _font-size: 0.8em;
    }

    .currentValue {
        background-color: #e8f2fe;
    }

.fltrow{ /* filter grid row appearance */
    height:20px;
    background-color:#f4f4f4;
}
.btnflt{ /* button appearance */
    font-size:11px;
    margin:0 2px 0 2px; padding:0 1px 0 1px;
    text-decoration:none; color: #fff;
    background-color:#666;
}
.flt{ /* filter (input) appearance */
    background-color:#f4f4f4; border:1px inset #ccc; 
    margin:0; width:100%;
}
.flt_s{ /* small filter (input) appearance */
    background-color:#f4f4f4; border:1px inset #ccc; 
    margin:0; width:80%;
}

</style>
<script language="javascript" type="text/javascript" src="http://www.javascriptkit.com/script/script2/tablefilter.js"></script>
<title>Data value info - ConE</title>

</head>
<body>
<div id="content">
    <h1>Configuration data value info</h1><br>

    <table class="report" id="report_data">
    <tr>
        <th class="featureName">Name</th>
        <th class="featureName">Type</th>
        <th class="featureName">Possible values</th>
        
        <th class="featureName">Some Product X (product_root.confml)</th>
        
    </tr>
    
    <tr><th colspan="4">Asset 1 settings</th></tr>
    
    <tr>
        <td>Boolean setting</td>
        <td>boolean</td>
        <td></td>
        
        
        <td>True</td>
        
        
    </tr>
    
    <tr><th colspan="4">Asset 1 settings -- Sub-group 1</th></tr>
    
    <tr>
        <td>Real setting</td>
        <td>real</td>
        <td></td>
        
        
        <td>3.14</td>
        
        
    </tr>
    
    <tr>
        <td>Int setting</td>
        <td>int</td>
        <td></td>
        
        
        <td>10</td>
        
        
    </tr>
    
    <tr><th colspan="4">Asset 1 settings -- Sub-group 2</th></tr>
    
    <tr>
        <td>Selection setting</td>
        <td>selection</td>
        <td>Option0<br/>
        Option1<br/>
        Option2<br/>
        Option3<br/>
        Option4<br/>
        </td>
        
        
        <td>Option1</td>
        
        
    </tr>
    
    <tr>
        <td>String setting</td>
        <td>string</td>
        <td></td>
        
        
        <td><b>string from product config</b></td>
        
        
    </tr>
    
    <tr><th colspan="4">Asset 2 settings -- Sub-group 1</th></tr>
    
    <tr>
        <td>Real setting</td>
        <td>real</td>
        <td></td>
        
        
        <td>10.5</td>
        
        
    </tr>
    
    <tr>
        <td>Int setting</td>
        <td>int</td>
        <td></td>
        
        
        <td><b>1200</b></td>
        
        
    </tr>
    
    <tr><th colspan="4">Asset 2 settings -- Sub-group 2</th></tr>
    
    <tr>
        <td>Selection setting</td>
        <td>selection</td>
        <td>Option0<br/>
        Option1<br/>
        Option2<br/>
        Option3<br/>
        Option4<br/>
        </td>
        
        
        <td>Option1</td>
        
        
    </tr>
    
    <tr>
        <td>Boolean setting</td>
        <td>boolean</td>
        <td></td>
        
        
        <td>True</td>
        
        
    </tr>
    
    <tr>
        <td>Sequence setting</td>
        <td>sequence</td>
        <td></td>
        
        
        <td>
                    <table><tr><td colspan="2"><b>Item 1</b></td></tr><tr>
                            <td><b>Int sub-setting</b></td>
                            <td>1</td>
                            </tr><tr>
                            <td><b>String sub-setting</b></td>
                            <td>default 1</td>
                            </tr><tr><td colspan="2"><b>Item 2</b></td></tr><tr>
                            <td><b>Int sub-setting</b></td>
                            <td>2</td>
                            </tr><tr>
                            <td><b>String sub-setting</b></td>
                            <td>default 2</td>
                            </tr></table>
                </td>
        
        
    </tr>
    
    
    </table>
    <script language="javascript" type="text/javascript">
//<![CDATA[
    setFilterGrid("report_data");
//]]>
</script>
</div>
<div id="footer"></div>
</body>
</html>