
TempFeature.String:  testing and more testing
        