Validation problems
-------------------
File: assets/invalid/implml/broken.implml
Line: 1
Type: xml.implml
Msg:  no element found: line 1, column 0

File: assets/invalid/implml/duplicate_tempvar_ref.implml
Line: 6
Type: model.implml.container.duplicate_tempvar
Msg:  Duplicate temporary variable ref 'Temp.Foo'

File: assets/invalid/implml/duplicate_tempvar_ref.implml
Line: 10
Type: model.implml.container.duplicate_tempvar
Msg:  Duplicate temporary variable ref 'Temp.Foo'

File: assets/invalid/implml/invalid_attribute.implml
Line: 4
Type: schema.implml.implml
Msg:  Element '{http://www.symbianfoundation.org/xml/implml/1}container', attribute 'foo': The attribute 'foo' is not allowed.

