
layer3 (2)
layer3 (1)
default 1
default 2
layer2 (1)
layer2 (2)
layer2 (3)

