Changed features:
Description|Full reference|Name|Type|Description|Full reference|Name|Type|



Only in sourcedata:


Only in targetdata:
