Changed values:
BasicSettingTypesTest.StringSetting | default string | value changed
