Refs with implementations
=========================

Ref: Feature1.BooleanSetting
Impls:
File = "base\implml\booleansetting_rofs3.templateml", type = "templateml", gen_runs = ['rofs3']
File = "base\implml\booleansetting_uda.templateml", type = "templateml", gen_runs = ['uda']
-------------------------------------------------
Ref: Feature1.IntSetting
Impls:
File = "base\implml\intsetting_rofs3.templateml", type = "templateml", gen_runs = ['rofs3']
-------------------------------------------------
Ref: Feature1.RealSetting
Impls:
File = "base\implml\realsetting_rofs3_uda.templateml", type = "templateml", gen_runs = ['rofs3', 'uda']
-------------------------------------------------
Ref: Feature1.StringSetting
Impls:
File = "base\implml\stringsetting_uda.templateml", type = "templateml", gen_runs = ['uda']



Refs with no implementation
===========================
Feature1.SelectionSetting
