
default 1
default 2
layer2 (1)
layer2 (2)
layer2 (3)

