Value from ConfML: ελληνικά (unicode test), <&> (special char test)